// Jest Snapshot v1, https://goo.gl/fbAQLP

exports[`EventList should render correctly 1`] = `
"<Fragment>
  <Component heading=\\"Add event\\" buttonText=\\"Add\\" onConfirm={[Function: mockConstructor]} visible={false} toggleVisibility={[Function: toggleAddFormVisible]} />
  <Component heading=\\"Edit event\\" buttonText=\\"Save\\" onConfirm={[Function: mockConstructor]} visible={false} toggleVisibility={[Function: toggleEditFormVisible]} displayedEvent={{...}} />
  <Row tag=\\"div\\" widths={{...}}>
    <Col tag=\\"div\\" widths={{...}}>
      <Button onClick={[Function: toggleAddFormVisible]} color=\\"success\\" tag=\\"button\\">
        Add event
      </Button>
    </Col>
  </Row>
  <Row className=\\"event-list\\" tag=\\"div\\" widths={{...}}>
    <Col sm={4} tag=\\"div\\" widths={{...}}>
      <Card className=\\"past-event\\" tag=\\"div\\">
        <CardBody tag=\\"div\\">
          <CardTitle tag=\\"div\\">
            test event name 
            <Badge color=\\"info\\" pill={false} tag=\\"span\\">
              Past event
            </Badge>
          </CardTitle>
          <CardSubtitle className=\\"text-muted\\" tag=\\"div\\">
            1970-01-01 - 1970-01-02
          </CardSubtitle>
          <CardText tag=\\"p\\">
            test event description
          </CardText>
          <Button color=\\"primary\\" onClick={[Function: onClick]} tag=\\"button\\">
            Edit
          </Button>
          <Button color=\\"danger\\" onClick={[Function: onClick]} tag=\\"button\\">
            Remove
          </Button>
        </CardBody>
      </Card>
    </Col>
  </Row>
</Fragment>"
`;
